// Jest Snapshot v1, https://goo.gl/fbAQLP

exports[`Meter renders 1`] = `
<div
  className="p-meter"
>
  <div
    className="p-meter__bar"
    style={
      Object {
        "backgroundColor": "#D3E4ED",
      }
    }
  >
    <div
      className="p-meter__filled"
      key="datum-1-bar"
      style={
        Object {
          "backgroundColor": "#007AA6",
          "borderRight": "1px solid #D3E4ED",
          "left": "0%",
          "width": "25%",
        }
      }
    />
    <div
      className="p-meter__filled"
      key="datum-2-bar"
      style={
        Object {
          "backgroundColor": "#0E8420",
          "borderRight": "1px solid #D3E4ED",
          "left": "25%",
          "width": "75%",
        }
      }
    />
  </div>
  <div
    className="p-meter__labels"
  >
    <div
      key="datum-1-label"
    >
      One
    </div>
    <div
      key="datum-2-label"
    >
      Two
    </div>
  </div>
</div>
`;
